// Jest Snapshot v1, https://goo.gl/fbAQLP

exports[`DetailsPage should render correctly 1`] = `
<div
  className="details-page"
>
  <div
    className="details-head"
  >
    <div
      className="stats-col"
    >
      facebook/react
    </div>
    <div
      className="stats-col"
    >
      <a
        href="https://github.com/facebook/react.git"
      >
        Clone
      </a>
    </div>
  </div>
  <div>
    <div
      className="stats-col"
    >
      <div
        className="stats-head"
      >
        Stats:
      </div>
      <div>
        Watchers: 
        6678
      </div>
      <div>
        Stars: 
        154386
      </div>
      <div>
        Forks: 
        30270
      </div>
    </div>
    <div
      className="stats-col"
    >
      <div
        className="stats-head"
      >
        Languages:
      </div>
      <div
        key="JavaScript"
      >
        JavaScript
        : 
        94.9%
      </div>
      <div
        key="HTML"
      >
        HTML
        : 
        2.2%
      </div>
      <div
        key="CSS"
      >
        CSS
        : 
        1.2%
      </div>
      <div
        key="C++"
      >
        C++
        : 
        0.8%
      </div>
      <div
        key="TypeScript"
      >
        TypeScript
        : 
        0.4%
      </div>
      <div
        key="CoffeeScript"
      >
        CoffeeScript
        : 
        0.3%
      </div>
      <div
        key="C"
      >
        C
        : 
        0.1%
      </div>
      <div
        key="Shell"
      >
        Shell
        : 
        0.1%
      </div>
    </div>
  </div>
  <Button
    active={false}
    disabled={false}
    onClick={[Function]}
    size="sm"
    variant="primary"
  >
    Go back
  </Button>
</div>
`;
