// Jest Snapshot v1, https://goo.gl/fbAQLP

exports[`RepoList should render correctly 1`] = `
<ForwardRef>
  <thead>
    <tr>
      <th>
        Repository name
      </th>
      <th>
        Stars
      </th>
      <th />
    </tr>
  </thead>
  <tbody>
    <RepoItem
      id={10270250}
      key="10270250"
      name="facebook/react"
      starsCount={154386}
    />
    <RepoItem
      id={11730342}
      key="11730342"
      name="vuejs/vue"
      starsCount={170383}
    />
  </tbody>
</ForwardRef>
`;
